// Jest Snapshot v1, https://goo.gl/fbAQLP

exports[`ListGroupItem should render 1`] = `
<li
  className="list-group-item"
/>
`;

exports[`ListGroupItem should render border color 1`] = `
<li
  className="success list-group-item"
/>
`;

exports[`ListGroupItem should render border color and color 1`] = `
<li
  className="success list-group-item-success list-group-item"
/>
`;

exports[`ListGroupItem should render color 1`] = `
<li
  className="list-group-item-success list-group-item"
/>
`;
