// Jest Snapshot v1, https://goo.gl/fbAQLP

exports[`AvDate should render 1`] = `
<div>
  <form
    action="#"
    class="av-valid"
    method="get"
    novalidate=""
  >
    <div
      class="input-group"
    >
      <input
        aria-label="stand-alone"
        class="is-untouched is-pristine av-valid form-control"
        id="standAlone"
        max="Max Date (yyyy-mm-dd)"
        min="Min Date (yyyy-mm-dd)"
        name="standAlone"
        placeholder="yyyy-mm-dd"
        type="date"
        value=""
      />
      <div
        class="input-group-append"
      >
        <button
          class="btn btn-light"
          id="standAlone-btn"
          style="z-index: auto;"
          type="button"
        >
          <i
            aria-label="calendar"
            class="icon icon-calendar undefined"
          />
          <span
            class="sr-only"
          >
            Toggle Calendar
          </span>
        </button>
      </div>
    </div>
  </form>
</div>
`;
