// Jest Snapshot v1, https://goo.gl/fbAQLP

exports[`Upload should render 1`] = `
Array [
  <div
    className="d-none"
  >
    <input
      className="form-control-file"
      id="filePicker-1"
      onChange={[Function]}
      type="file"
      value=""
    />
  </div>,
  <button
    aria-label={null}
    className="btn btn-primary"
    onClick={[Function]}
    type="button"
  >
    Select File
  </button>,
]
`;
